TRACE: calling pi code
TRACE: PUT32(0x20200028) = 0x100000
TRACE: pi exited cleanly: 7 calls to random
