TRACE: calling pi code
TRACE: GET32(0x20200008) = 0x66334873
TRACE: PUT32(0x20200008) = 0x66334871
TRACE: pi exited cleanly: 7 calls to random
