TRACE: calling pi code
TRACE: PUT32(0x2020001c) = 0x100000
TRACE: pi exited cleanly: 7 calls to random
